// Jest Snapshot v1, https://goo.gl/fbAQLP

exports[`Tooltip Renders correctly 1`] = `
<div
  aria-describedby={null}
  className=""
  onBlur={[Function]}
  onFocus={[Function]}
  onMouseLeave={[Function]}
  onMouseOver={[Function]}
  onTouchEnd={[Function]}
  onTouchStart={[Function]}
  title="teste"
>
  teste
</div>
`;
