// Jest Snapshot v1, https://goo.gl/fbAQLP

exports[`Body Renders correctly 1`] = `
<div
  className="makeStyles-root-1"
>
  <p
    className="MuiTypography-root makeStyles-text-2 MuiTypography-body1"
  >
    Dê um 
    <strong>
      nome
    </strong>
     para essa Jornada
  </p>
  <div
    className="makeStyles-root-4"
  >
    <div
      className="MuiInputBase-root makeStyles-input-6 MuiInputBase-fullWidth"
      onClick={[Function]}
    >
      <input
        className="MuiInputBase-input"
        onAnimationStart={[Function]}
        onBlur={[Function]}
        onChange={[Function]}
        onFocus={[Function]}
        type="text"
        value=""
      />
    </div>
  </div>
  <p
    className="MuiTypography-root makeStyles-helper-3 MuiTypography-body1"
  >
    Você poderá alterar essa informação depois.
  </p>
</div>
`;
