// Jest Snapshot v1, https://goo.gl/fbAQLP

exports[`Header Renders correctly 1`] = `
<div
  className="makeStyles-root-1"
>
  <p
    className="MuiTypography-root makeStyles-title-2 MuiTypography-body1"
  >
    Nova Jornada
  </p>
</div>
`;
