// Jest Snapshot v1, https://goo.gl/fbAQLP

exports[`New journey Renders correctly 1`] = `null`;
