// Jest Snapshot v1, https://goo.gl/fbAQLP

exports[`Content Renders correctly 1`] = `
<div
  className="makeStyles-root-1"
>
  <div
    className="MuiTableContainer-root"
  >
    <table
      className="MuiTable-root makeStyles-table-2"
      role={null}
    >
      <thead
        className="MuiTableHead-root"
        role={null}
      >
        <tr
          className="MuiTableRow-root MuiTableRow-head"
          role={null}
        >
          <th
            aria-sort={null}
            className="MuiTableCell-root MuiTableCell-head"
            scope="col"
          >
            Nome
          </th>
          <th
            aria-sort={null}
            className="MuiTableCell-root MuiTableCell-head"
            scope="col"
          >
            Destinat√°rio
          </th>
          <th
            aria-sort={null}
            className="MuiTableCell-root MuiTableCell-head"
            scope="col"
          >
            Sucesso
          </th>
          <th
            aria-sort={null}
            className="MuiTableCell-root MuiTableCell-head"
            scope="col"
          >
            Status
          </th>
        </tr>
      </thead>
      <tbody
        className="MuiTableBody-root"
        role={null}
      />
    </table>
  </div>
</div>
`;
