// Jest Snapshot v1, https://goo.gl/fbAQLP

exports[`Badge Renders correctly 1`] = `
<div
  className="makeStyles-root-1"
>
  <p
    className="MuiTypography-root makeStyles-text-2 MuiTypography-body1"
  >
    10
  </p>
</div>
`;
