// Jest Snapshot v1, https://goo.gl/fbAQLP

exports[`Button Renders correctly 1`] = `
<div
  className="makeStyles-button-1"
>
  <div
    className="makeStyles-content-2"
  >
    <div
      aria-describedby={null}
      className=""
      onBlur={[Function]}
      onFocus={[Function]}
      onMouseLeave={[Function]}
      onMouseOver={[Function]}
      onTouchEnd={[Function]}
      onTouchStart={[Function]}
      title="AnÃ¡lises"
    >
      <svg
        className="makeStyles-root-6 makeStyles-root-7 makeStyles-icon-3"
      >
        chart-pie.svg
      </svg>
    </div>
  </div>
</div>
`;
