// Jest Snapshot v1, https://goo.gl/fbAQLP

exports[`Content Renders correctly 1`] = `
<div
  className="makeStyles-root-1"
/>
`;
